// Jest Snapshot v1, https://goo.gl/fbAQLP

exports[`snapshot test 1`] = `
<div
  className="App"
>
  <p>
    Hiii
  </p>
</div>
`;
